
// TutorialDlg.h : header file
//

#pragma once


// CTutorialDlg dialog
class CTutorialDlg : public CDialogEx
{
// Construction
public:
	CTutorialDlg(CWnd* pParent = nullptr);	// standard constructor

// Dialog Data
#ifdef AFX_DESIGN_TIME
	enum { IDD = IDD_TUTORIAL_DIALOG };
#endif

	protected:
	virtual void DoDataExchange(CDataExchange* pDX);	// DDX/DDV support


// Implementation
protected:
	HICON m_hIcon;

	// Generated message map functions
	virtual BOOL OnInitDialog();
	afx_msg void OnPaint();
//	afx_msg HCURSOR OnQueryDragIcon();
	DECLARE_MESSAGE_MAP()
public:
	BOOL m_check;
	CEdit m_edit;
	CComboBox m_combo;
	CSliderCtrl m_slider;
	CString m_message;
	afx_msg void OnBnClickedCheck1();
	afx_msg void OnEnChangeEdit1();
	afx_msg void OnCbnSelchangeCombo1();
	afx_msg void OnHScroll(UINT nSBCode, UINT nPos, CScrollBar* pScrollBar);
	void timerEvent(QTimerEvent *event) override;
};
