
// TutorialDlg.cpp : implementation file
//

#include "pch.h"
#include "framework.h"
#include "Tutorial.h"
#include "TutorialDlg.h"
#include "afxdialogex.h"

#ifdef _DEBUG
#define new DEBUG_NEW
#endif


// CTutorialDlg dialog



CTutorialDlg::CTutorialDlg(CWnd* pParent /*=nullptr*/)
	: CDialogEx(IDD_TUTORIAL_DIALOG, pParent)
	, m_check(FALSE)
	, m_message(_T(""))
{
	m_hIcon = AfxGetApp()->LoadIcon(IDR_MAINFRAME);
}

void CTutorialDlg::DoDataExchange(CDataExchange* pDX)
{
	CDialogEx::DoDataExchange(pDX);
	DDX_Check(pDX, IDC_CHECK1, m_check);
	DDV_MaxChars(pDX, m_message, 3); // added for testing DDV_ doesn't break extraction!
	DDX_Control(pDX, IDC_EDIT1, m_edit);
	DDX_Control(pDX, IDC_COMBO1, m_combo);
	DDX_Control(pDX, IDC_SLIDER1, m_slider);
	DDX_Text(pDX, IDC_MESSAGE, m_message);
}




// CTutorialDlg message handlers

BOOL CTutorialDlg::OnInitDialog()
{
	CDialogEx::OnInitDialog();

	// Set the icon for this dialog.  The framework does this automatically
	//  when the application's main window is not a dialog
	SetIcon(m_hIcon, TRUE);			// Set big icon
	SetIcon(m_hIcon, FALSE);		// Set small icon

	// TODO: Add extra initialization here

	return TRUE;  // return TRUE  unless you set the focus to a control
}

// If you add a minimize button to your dialog, you will need the code below
//  to draw the icon.  For MFC applications using the document/view model,
//  this is automatically done for you by the framework.

void CTutorialDlg::OnPaint()
{
	if (IsIconic())
	{
		CPaintDC dc(this); // device context for painting

		SendMessage(WM_ICONERASEBKGND, reinterpret_cast<WPARAM>(dc.GetSafeHdc()), 0);

		// Center icon in client rectangle
		int cxIcon = GetSystemMetrics(SM_CXICON);
		int cyIcon = GetSystemMetrics(SM_CYICON);
		CRect rect;
		GetClientRect(&rect);
		int x = (rect.Width() - cxIcon + 1) / 2;
		int y = (rect.Height() - cyIcon + 1) / 2;

		// Draw the icon
		dc.DrawIcon(x, y, m_hIcon);
	}
	else
	{
		CDialogEx::OnPaint();
	}
}

// The system calls this function to obtain the cursor to display while the user drags
//  the minimized window.
//HCURSOR CTutorialDlg::OnQueryDragIcon()
//{
//	return static_cast<HCURSOR>(m_hIcon);
//}



void CTutorialDlg::OnBnClickedCheck1()
{
	// TODO: Add your control notification handler code here
}


void CTutorialDlg::OnEnChangeEdit1()
{
	// TODO:  If this is a RICHEDIT control, the control will not
	// send this notification unless you override the CDialogEx::OnInitDialog()
	// function and call CRichEditCtrl().SetEventMask()
	// with the ENM_CHANGE flag ORed into the mask.

	// TODO:  Add your control notification handler code here
}


void CTutorialDlg::OnCbnSelchangeCombo1()
{
	// TODO: Add your control notification handler code here
}


void CTutorialDlg::OnHScroll(UINT nSBCode, UINT nPos, CScrollBar* pScrollBar)
{
	// TODO: Add your message handler code here and/or call default

	CDialogEx::OnHScroll(nSBCode, nPos, pScrollBar);
}


void CTutorialDlg::OnTimer(UINT_PTR nIDEvent)
{
	// TODO: Add your message handler code here and/or call default

	CDialogEx::OnTimer(nIDEvent);
}
